******************************************************************************
                  TMS470 Linker PC v4.9.5                      
******************************************************************************
>> Linked Tue Apr 23 22:13:16 2013

OUTPUT FILE NAME:   <DAC_SD.out>
ENTRY POINT SYMBOL: "_c_int00"  address: 00003965


MEMORY CONFIGURATION

         name            origin    length      used     unused   attr    fill
----------------------  --------  ---------  --------  --------  ----  --------
  FLASH                 00000000   00040000  00003e0e  0003c1f2  R  X
  SRAM                  20000000   00008000  000005df  00007a21  RW X


SEGMENT ALLOCATION MAP

run origin  load origin   length   init length attrs members
----------  ----------- ---------- ----------- ----- -------
00000000    00000000    00003e10   00003e10    r-x
  00000000    00000000    0000026c   0000026c    r-- .intvecs
  0000026c    0000026c    00003982   00003982    r-x .text
  00003bf0    00003bf0    000001d0   000001d0    r-- .const
  00003dc0    00003dc0    00000050   00000050    r-- .cinit
20000000    20000000    000005a0   00000000    rw-
  20000000    20000000    0000049d   00000000    rw- .bss
  200004a0    200004a0    00000100   00000000    rw- .stack
200005a0    200005a0    00000042   00000042    rw-
  200005a0    200005a0    00000042   00000042    rw- .data


SECTION ALLOCATION MAP

 output                                  attributes/
section   page    origin      length       input sections
--------  ----  ----------  ----------   ----------------
.intvecs   0    00000000    0000026c     
                  00000000    0000026c     startup_ccs.obj (.intvecs)

.text      0    0000026c    00003982     
                  0000026c    00001d74     ff.obj (.text)
                  00001fe0    000009b0     mmc-ek-lm4f232h5qd.obj (.text)
                  00002990    000004b0     uartstdio.obj (.text)
                  00002e40    00000304     main.obj (.text)
                  00003144    000001d8     driverlib-cm4f.lib : sysctl.obj (.text:SysCtlClockGet)
                  0000331c    0000013c                        : sysctl.obj (.text:SysCtlClockSet)
                  00003458    000000ec     keys.obj (.text)
                  00003544    000000c8     driverlib-cm4f.lib : gpio.obj (.text:GPIOPadConfigSet)
                  0000360c    0000009c     rtsv7M4_T_le_v4SPD16_eabi.lib : memcpy_t2.obj (.text)
                  000036a8    00000094                                   : auto_init.obj (.text)
                  0000373c    00000078                                   : memset_t2.obj (.text)
                  000037b4    00000064     driverlib-cm4f.lib : interrupt.obj (.text:IntEnable)
                  00003818    0000005e     rtsv7M4_T_le_v4SPD16_eabi.lib : copy_decompress_rle.obj (.text)
                  00003876    00000002     --HOLE-- [fill = 0]
                  00003878    00000058     driverlib-cm4f.lib : sysctl.obj (.text:SysCtlPeripheralEnable)
                  000038d0    0000004c     rtsv7M4_T_le_v4SPD16_eabi.lib : cpy_tbl.obj (.text)
                  0000391c    00000048     driverlib-cm4f.lib : gpio.obj (.text:GPIOPinConfigure)
                  00003964    00000048     rtsv7M4_T_le_v4SPD16_eabi.lib : boot.obj (.text)
                  000039ac    00000044     driverlib-cm4f.lib : ssi.obj (.text:SSIConfigSetExpClk)
                  000039f0    00000044     rtsv7M4_T_le_v4SPD16_eabi.lib : exit.obj (.text)
                  00003a34    00000042                                   : u_divt2.obj (.text)
                  00003a76    0000002e     driverlib-cm4f.lib : gpio.obj (.text:GPIODirModeSet)
                  00003aa4    00000028                        : timer.obj (.text:TimerConfigure)
                  00003acc    00000022     rtsv7M4_T_le_v4SPD16_eabi.lib : memcmp.obj (.text)
                  00003aee    00000002     --HOLE-- [fill = 0]
                  00003af0    00000018                                   : _lock.obj (.text)
                  00003b08    00000018                                   : args_main.obj (.text)
                  00003b20    00000012     driverlib-cm4f.lib : gpio.obj (.text:GPIOPinTypeSSI)
                  00003b32    00000012                        : gpio.obj (.text:GPIOPinTypeUART)
                  00003b44    00000012                        : timer.obj (.text:TimerLoadSet)
                  00003b56    00000012     rtsv7M4_T_le_v4SPD16_eabi.lib : copy_zero_init.obj (.text:decompress:ZI)
                  00003b68    0000000e     driverlib-cm4f.lib : timer.obj (.text:TimerEnable)
                  00003b76    0000000e     rtsv7M4_T_le_v4SPD16_eabi.lib : copy_decompress_none.obj (.text:decompress:none)
                  00003b84    0000000c     driverlib-cm4f.lib : cpu.obj (.text:CPUcpsie)
                  00003b90    0000000c     startup_ccs.obj (.text)
                  00003b9c    0000000a     driverlib-cm4f.lib : gpio.obj (.text:GPIOPinRead)
                  00003ba6    0000000a                        : gpio.obj (.text:GPIOPinWrite)
                  00003bb0    0000000a                        : interrupt.obj (.text:IntMasterEnable)
                  00003bba    0000000a                        : ssi.obj (.text:SSIDataPut)
                  00003bc4    0000000a                        : ssi.obj (.text:SSIEnable)
                  00003bce    00000008                        : ssi.obj (.text:SSIBusy)
                  00003bd6    00000008                        : timer.obj (.text:TimerIntEnable)
                  00003bde    00000006                        : sysctl.obj (.text:SysCtlDelay)
                  00003be4    00000006     rtsv7M4_T_le_v4SPD16_eabi.lib : copy_decompress_rle.obj (.text:decompress:rle24)
                  00003bea    00000004     driverlib-cm4f.lib : timer.obj (.text:TimerIntClear)

.const     0    00003bf0    000001d0     
                  00003bf0    00000078     driverlib-cm4f.lib : gpio.obj (.const:g_pulGPIOBaseAddrs)
                  00003c68    00000070                        : interrupt.obj (.const)
                  00003cd8    0000006c                        : sysctl.obj (.const:g_pulXtals)
                  00003d44    00000040                        : sysctl.obj (.const)
                  00003d84    0000001c     uartstdio.obj (.const)
                  00003da0    00000012     uartstdio.obj (.const:.string)
                  00003db2    00000002     --HOLE-- [fill = 0]
                  00003db4    0000000c     main.obj (.const)

.cinit     0    00003dc0    00000050     
                  00003dc0    00000026     (.cinit..data.load) [load image, compression = rle]
                  00003de6    00000002     --HOLE-- [fill = 0]
                  00003de8    0000000c     (__TI_handler_table)
                  00003df4    00000004     --HOLE-- [fill = 0]
                  00003df8    00000008     (.cinit..bss.load) [load image, compression = zero_init]
                  00003e00    00000010     (__TI_cinit_table)

.bss       0    20000000    0000049d     UNINITIALIZED
                  20000000    0000022c     main.obj (.bss:fso)
                  2000022c    00000224     main.obj (.bss:file)
                  20000450    0000002c     main.obj (.bss:header)
                  2000047c    00000014     main.obj (.bss)
                  20000490    0000000a     ff.obj (.bss)
                  2000049a    00000003     mmc-ek-lm4f232h5qd.obj (.bss)

.stack     0    200004a0    00000100     UNINITIALIZED
                  200004a0    00000100     --HOLE--

.data      0    200005a0    00000042     
                  200005a0    00000020     main.obj (.data)
                  200005c0    00000008     rtsv7M4_T_le_v4SPD16_eabi.lib : _lock.obj (.data)
                  200005c8    00000008                                   : exit.obj (.data)
                  200005d0    00000005     uartstdio.obj (.data)
                  200005d5    00000003     --HOLE--
                  200005d8    00000004     keys.obj (.data)
                  200005dc    00000004     rtsv7M4_T_le_v4SPD16_eabi.lib : stkdepth_vars.obj (.data)
                  200005e0    00000002     mmc-ek-lm4f232h5qd.obj (.data)


LINKER GENERATED COPY TABLES

__TI_cinit_table @ 00003e00 records: 2, size/record: 8, table size: 16
	.data: load addr=00003dc0, load size=00000026 bytes, run addr=200005a0, run size=00000042 bytes, compression=rle
	.bss: load addr=00003df8, load size=00000008 bytes, run addr=20000000, run size=0000049d bytes, compression=zero_init


LINKER GENERATED HANDLER TABLE

__TI_handler_table @ 00003de8 records: 3, size/record: 4, table size: 12
	index: 0, handler: __TI_decompress_rle24
	index: 1, handler: __TI_decompress_none
	index: 2, handler: __TI_zero_init


GLOBAL SYMBOLS: SORTED ALPHABETICALLY BY Name 

address    name
--------   ----
000039f1   C$$EXIT
00003b85   CPUcpsie
2000047e   Counter
00002eff   DACWrite
00003a77   GPIODirModeSet
00003545   GPIOPadConfigSet
0000391d   GPIOPinConfigure
00003b9d   GPIOPinRead
00003b21   GPIOPinTypeSSI
00003b33   GPIOPinTypeUART
00003ba7   GPIOPinWrite
200005b4   Info
00002eb7   InitSPI
000037b5   IntEnable
00003bb1   IntMasterEnable
00003b91   ResetISR
00002e75   SD_Write
00002ea1   SD_init
UNDEFED    SHT$$INIT_ARRAY$$Base
UNDEFED    SHT$$INIT_ARRAY$$Limit
00003bcf   SSIBusy
000039ad   SSIConfigSetExpClk
00003bbb   SSIDataPut
00003bc5   SSIEnable
00003145   SysCtlClockGet
0000331d   SysCtlClockSet
00003bdf   SysCtlDelay
00003879   SysCtlPeripheralEnable
00002f3d   Timer1IntHandler
00003aa5   TimerConfigure
00003b69   TimerEnable
00003beb   TimerIntClear
00003bd7   TimerIntEnable
00003b45   TimerLoadSet
00002991   UARTStdioConfig
000029e9   UARTStdioInit
00002a03   UARTStdioInitExpClk
00002b2b   UARTgetc
00002a6b   UARTgets
00002b5d   UARTprintf
00002a1d   UARTwrite
200005a0   __STACK_END
00000100   __STACK_SIZE
200005a0   __STACK_TOP
00003e00   __TI_CINIT_Base
00003e10   __TI_CINIT_Limit
00003de8   __TI_Handler_Table_Base
00003df4   __TI_Handler_Table_Limit
00000001   __TI_args_main
000036a9   __TI_auto_init
00003b77   __TI_decompress_none
00003be5   __TI_decompress_rle24
00000000   __TI_static_base__
00003b57   __TI_zero_init
0000373d   __aeabi_memclr
0000373d   __aeabi_memclr4
0000373d   __aeabi_memclr8
0000360d   __aeabi_memcpy
0000360d   __aeabi_memcpy4
0000360d   __aeabi_memcpy8
0000373f   __aeabi_memset
0000373f   __aeabi_memset4
0000373f   __aeabi_memset8
00003a35   __aeabi_uidivmod
ffffffff   __binit__
ffffffff   __c_args__
200004a0   __stack
00003b09   _args_main
00003965   _c_int00
200005c8   _cleanup_ptr
200005cc   _dtors_ptr
200005c0   _lock
00003afd   _nop
00003af7   _register_lock
00003af1   _register_unlock
200005c4   _unlock
000039f5   abort
ffffffff   binit
20000488   br
200005b0   cnt
20000480   command
000038d1   copy_in
200005a8   dacCounter
200005ac   dacWrite
2000047c   data
000023d5   disk_initialize
00002735   disk_ioctl
00002593   disk_read
00002579   disk_status
0000293d   disk_timerproc
00002649   disk_write
000039fd   exit
00001e77   f_chmod
0000178d   f_close
00001ad1   f_getfree
000017ad   f_lseek
00001ce1   f_mkdir
00001019   f_mount
00001075   f_open
00001953   f_opendir
00001249   f_read
000019db   f_readdir
00001eff   f_rename
00001a77   f_stat
000016d1   f_sync
00001be3   f_unlink
00001469   f_write
00000000   g_pfnVectors
2000048c   g_ulFlags
00002981   get_fattime
20000450   header
00002f59   main
200005dc   main_func_sp
00003459   matrixPad
00003acd   memcmp
0000360d   memcpy
00003745   memset
00002e41   open_Wave
20000484   period
00002e65   read_to_sample
200005d8   rows
2000048a   sample
200005a2   temp
200005bc   toggle
200005a0   val
200005a4   write


GLOBAL SYMBOLS: SORTED BY Symbol Address 

address    name
--------   ----
00000000   __TI_static_base__
00000000   g_pfnVectors
00000001   __TI_args_main
00000100   __STACK_SIZE
00001019   f_mount
00001075   f_open
00001249   f_read
00001469   f_write
000016d1   f_sync
0000178d   f_close
000017ad   f_lseek
00001953   f_opendir
000019db   f_readdir
00001a77   f_stat
00001ad1   f_getfree
00001be3   f_unlink
00001ce1   f_mkdir
00001e77   f_chmod
00001eff   f_rename
000023d5   disk_initialize
00002579   disk_status
00002593   disk_read
00002649   disk_write
00002735   disk_ioctl
0000293d   disk_timerproc
00002981   get_fattime
00002991   UARTStdioConfig
000029e9   UARTStdioInit
00002a03   UARTStdioInitExpClk
00002a1d   UARTwrite
00002a6b   UARTgets
00002b2b   UARTgetc
00002b5d   UARTprintf
00002e41   open_Wave
00002e65   read_to_sample
00002e75   SD_Write
00002ea1   SD_init
00002eb7   InitSPI
00002eff   DACWrite
00002f3d   Timer1IntHandler
00002f59   main
00003145   SysCtlClockGet
0000331d   SysCtlClockSet
00003459   matrixPad
00003545   GPIOPadConfigSet
0000360d   __aeabi_memcpy
0000360d   __aeabi_memcpy4
0000360d   __aeabi_memcpy8
0000360d   memcpy
000036a9   __TI_auto_init
0000373d   __aeabi_memclr
0000373d   __aeabi_memclr4
0000373d   __aeabi_memclr8
0000373f   __aeabi_memset
0000373f   __aeabi_memset4
0000373f   __aeabi_memset8
00003745   memset
000037b5   IntEnable
00003879   SysCtlPeripheralEnable
000038d1   copy_in
0000391d   GPIOPinConfigure
00003965   _c_int00
000039ad   SSIConfigSetExpClk
000039f1   C$$EXIT
000039f5   abort
000039fd   exit
00003a35   __aeabi_uidivmod
00003a77   GPIODirModeSet
00003aa5   TimerConfigure
00003acd   memcmp
00003af1   _register_unlock
00003af7   _register_lock
00003afd   _nop
00003b09   _args_main
00003b21   GPIOPinTypeSSI
00003b33   GPIOPinTypeUART
00003b45   TimerLoadSet
00003b57   __TI_zero_init
00003b69   TimerEnable
00003b77   __TI_decompress_none
00003b85   CPUcpsie
00003b91   ResetISR
00003b9d   GPIOPinRead
00003ba7   GPIOPinWrite
00003bb1   IntMasterEnable
00003bbb   SSIDataPut
00003bc5   SSIEnable
00003bcf   SSIBusy
00003bd7   TimerIntEnable
00003bdf   SysCtlDelay
00003be5   __TI_decompress_rle24
00003beb   TimerIntClear
00003de8   __TI_Handler_Table_Base
00003df4   __TI_Handler_Table_Limit
00003e00   __TI_CINIT_Base
00003e10   __TI_CINIT_Limit
20000450   header
2000047c   data
2000047e   Counter
20000480   command
20000484   period
20000488   br
2000048a   sample
2000048c   g_ulFlags
200004a0   __stack
200005a0   __STACK_END
200005a0   __STACK_TOP
200005a0   val
200005a2   temp
200005a4   write
200005a8   dacCounter
200005ac   dacWrite
200005b0   cnt
200005b4   Info
200005bc   toggle
200005c0   _lock
200005c4   _unlock
200005c8   _cleanup_ptr
200005cc   _dtors_ptr
200005d8   rows
200005dc   main_func_sp
ffffffff   __binit__
ffffffff   __c_args__
ffffffff   binit
UNDEFED    SHT$$INIT_ARRAY$$Base
UNDEFED    SHT$$INIT_ARRAY$$Limit

[126 symbols]
