******************************************************************************
                  TMS470 Linker PC v4.9.5                      
******************************************************************************
>> Linked Mon Apr 29 13:12:07 2013

OUTPUT FILE NAME:   <DAC_SD_Integrate.out>
ENTRY POINT SYMBOL: "_c_int00"  address: 00003ac5


MEMORY CONFIGURATION

         name            origin    length      used     unused   attr    fill
----------------------  --------  ---------  --------  --------  ----  --------
  FLASH                 00000000   00040000  00003fa4  0003c05c  R  X
  SRAM                  20000000   00008000  00002957  000056a9  RW X


SEGMENT ALLOCATION MAP

run origin  load origin   length   init length attrs members
----------  ----------- ---------- ----------- ----- -------
00000000    00000000    00003fa8   00003fa8    r-x
  00000000    00000000    0000026c   0000026c    r-- .intvecs
  0000026c    0000026c    00003b06   00003b06    r-x .text
  00003d74    00003d74    000001c2   000001c2    r-- .const
  00003f38    00003f38    00000070   00000070    r-- .cinit
20000000    20000000    000028f4   00000000    rw-
  20000000    20000000    000027f1   00000000    rw- .bss
  200027f4    200027f4    00000100   00000000    rw- .stack
200028f4    200028f4    00000066   00000066    rw-
  200028f4    200028f4    00000066   00000066    rw- .data


SECTION ALLOCATION MAP

 output                                  attributes/
section   page    origin      length       input sections
--------  ----  ----------  ----------   ----------------
.intvecs   0    00000000    0000026c     
                  00000000    0000026c     startup_ccs.obj (.intvecs)

.text      0    0000026c    00003b06     
                  0000026c    00001d74     ff.obj (.text)
                  00001fe0    000009b0     mmc-ek-lm4f232h5qd.obj (.text)
                  00002990    00000550     main.obj (.text)
                  00002ee0    000004b0     uartstdio.obj (.text)
                  00003390    000001d8     driverlib-cm4f.lib : sysctl.obj (.text:SysCtlClockGet)
                  00003568    0000013c                        : sysctl.obj (.text:SysCtlClockSet)
                  000036a4    000000c8                        : gpio.obj (.text:GPIOPadConfigSet)
                  0000376c    0000009c     rtsv7M4_T_le_v4SPD16_eabi.lib : memcpy_t2.obj (.text)
                  00003808    00000094                                   : auto_init.obj (.text)
                  0000389c    00000078                                   : memset_t2.obj (.text)
                  00003914    00000064     driverlib-cm4f.lib : interrupt.obj (.text:IntEnable)
                  00003978    0000005e     rtsv7M4_T_le_v4SPD16_eabi.lib : copy_decompress_rle.obj (.text)
                  000039d6    00000002     --HOLE-- [fill = 0]
                  000039d8    00000058     driverlib-cm4f.lib : sysctl.obj (.text:SysCtlPeripheralEnable)
                  00003a30    0000004c     rtsv7M4_T_le_v4SPD16_eabi.lib : cpy_tbl.obj (.text)
                  00003a7c    00000048     driverlib-cm4f.lib : gpio.obj (.text:GPIOPinConfigure)
                  00003ac4    00000048     rtsv7M4_T_le_v4SPD16_eabi.lib : boot.obj (.text)
                  00003b0c    00000044     driverlib-cm4f.lib : ssi.obj (.text:SSIConfigSetExpClk)
                  00003b50    00000044     rtsv7M4_T_le_v4SPD16_eabi.lib : exit.obj (.text)
                  00003b94    00000042                                   : u_divt2.obj (.text)
                  00003bd6    0000002e     driverlib-cm4f.lib : gpio.obj (.text:GPIODirModeSet)
                  00003c04    00000028                        : timer.obj (.text:TimerConfigure)
                  00003c2c    00000022     rtsv7M4_T_le_v4SPD16_eabi.lib : memcmp.obj (.text)
                  00003c4e    00000002     --HOLE-- [fill = 0]
                  00003c50    00000018                                   : _lock.obj (.text)
                  00003c68    00000018                                   : args_main.obj (.text)
                  00003c80    00000012     driverlib-cm4f.lib : gpio.obj (.text:GPIOPinTypeGPIOInput)
                  00003c92    00000012                        : gpio.obj (.text:GPIOPinTypeGPIOOutput)
                  00003ca4    00000012                        : gpio.obj (.text:GPIOPinTypeSSI)
                  00003cb6    00000012                        : gpio.obj (.text:GPIOPinTypeUART)
                  00003cc8    00000012                        : timer.obj (.text:TimerLoadSet)
                  00003cda    00000012     rtsv7M4_T_le_v4SPD16_eabi.lib : copy_zero_init.obj (.text:decompress:ZI)
                  00003cec    0000000e     driverlib-cm4f.lib : timer.obj (.text:TimerEnable)
                  00003cfa    0000000e     rtsv7M4_T_le_v4SPD16_eabi.lib : copy_decompress_none.obj (.text:decompress:none)
                  00003d08    0000000c     driverlib-cm4f.lib : cpu.obj (.text:CPUcpsie)
                  00003d14    0000000c     startup_ccs.obj (.text)
                  00003d20    0000000a     driverlib-cm4f.lib : gpio.obj (.text:GPIOPinRead)
                  00003d2a    0000000a                        : gpio.obj (.text:GPIOPinWrite)
                  00003d34    0000000a                        : interrupt.obj (.text:IntMasterEnable)
                  00003d3e    0000000a                        : ssi.obj (.text:SSIDataPut)
                  00003d48    0000000a                        : ssi.obj (.text:SSIEnable)
                  00003d52    00000008                        : ssi.obj (.text:SSIBusy)
                  00003d5a    00000008                        : timer.obj (.text:TimerIntEnable)
                  00003d62    00000006                        : sysctl.obj (.text:SysCtlDelay)
                  00003d68    00000006     rtsv7M4_T_le_v4SPD16_eabi.lib : copy_decompress_rle.obj (.text:decompress:rle24)
                  00003d6e    00000004     driverlib-cm4f.lib : timer.obj (.text:TimerIntClear)

.const     0    00003d74    000001c2     
                  00003d74    00000078     driverlib-cm4f.lib : gpio.obj (.const:g_pulGPIOBaseAddrs)
                  00003dec    00000070                        : interrupt.obj (.const)
                  00003e5c    0000006c                        : sysctl.obj (.const:g_pulXtals)
                  00003ec8    00000040                        : sysctl.obj (.const)
                  00003f08    0000001c     uartstdio.obj (.const)
                  00003f24    00000012     uartstdio.obj (.const:.string)

.cinit     0    00003f38    00000070     
                  00003f38    0000004a     (.cinit..data.load) [load image, compression = rle]
                  00003f82    00000002     --HOLE-- [fill = 0]
                  00003f84    0000000c     (__TI_handler_table)
                  00003f90    00000008     (.cinit..bss.load) [load image, compression = zero_init]
                  00003f98    00000010     (__TI_cinit_table)

.bss       0    20000000    000027f1     UNINITIALIZED
                  20000000    00002580     main.obj (.bss:tracks)
                  20002580    0000022c     main.obj (.bss:fso)
                  200027ac    00000038     main.obj (.bss)
                  200027e4    0000000a     ff.obj (.bss)
                  200027ee    00000003     mmc-ek-lm4f232h5qd.obj (.bss)

.stack     0    200027f4    00000100     UNINITIALIZED
                  200027f4    00000100     --HOLE--

.data      0    200028f4    00000066     
                  200028f4    00000048     main.obj (.data)
                  2000293c    00000008     rtsv7M4_T_le_v4SPD16_eabi.lib : _lock.obj (.data)
                  20002944    00000008                                   : exit.obj (.data)
                  2000294c    00000005     uartstdio.obj (.data)
                  20002951    00000003     --HOLE--
                  20002954    00000004     rtsv7M4_T_le_v4SPD16_eabi.lib : stkdepth_vars.obj (.data)
                  20002958    00000002     mmc-ek-lm4f232h5qd.obj (.data)


LINKER GENERATED COPY TABLES

__TI_cinit_table @ 00003f98 records: 2, size/record: 8, table size: 16
	.data: load addr=00003f38, load size=0000004a bytes, run addr=200028f4, run size=00000066 bytes, compression=rle
	.bss: load addr=00003f90, load size=00000008 bytes, run addr=20000000, run size=000027f1 bytes, compression=zero_init


LINKER GENERATED HANDLER TABLE

__TI_handler_table @ 00003f84 records: 3, size/record: 4, table size: 12
	index: 0, handler: __TI_decompress_rle24
	index: 1, handler: __TI_decompress_none
	index: 2, handler: __TI_zero_init


GLOBAL SYMBOLS: SORTED ALPHABETICALLY BY Name 

address    name
--------   ----
00003b51   C$$EXIT
00003d09   CPUcpsie
200027ae   Counter
00002a85   DACWrite
00003bd7   GPIODirModeSet
000036a5   GPIOPadConfigSet
00003a7d   GPIOPinConfigure
00003d21   GPIOPinRead
00003c81   GPIOPinTypeGPIOInput
00003c93   GPIOPinTypeGPIOOutput
00003ca5   GPIOPinTypeSSI
00003cb7   GPIOPinTypeUART
00003d2b   GPIOPinWrite
20002909   Info
00002a3d   InitSPI
00003915   IntEnable
00003d35   IntMasterEnable
00002b6b   PortFunctionInit
00003d15   ResetISR
000029fb   SD_Write
00002a27   SD_init
UNDEFED    SHT$$INIT_ARRAY$$Base
UNDEFED    SHT$$INIT_ARRAY$$Limit
00003d53   SSIBusy
00003b0d   SSIConfigSetExpClk
00003d3f   SSIDataPut
00003d49   SSIEnable
00003391   SysCtlClockGet
00003569   SysCtlClockSet
00003d63   SysCtlDelay
000039d9   SysCtlPeripheralEnable
00002ac3   Timer1IntHandler
00003c05   TimerConfigure
00003ced   TimerEnable
00003d6f   TimerIntClear
00003d5b   TimerIntEnable
00003cc9   TimerLoadSet
00002ee1   UARTStdioConfig
00002f39   UARTStdioInit
00002f53   UARTStdioInitExpClk
0000307b   UARTgetc
00002fbb   UARTgets
000030ad   UARTprintf
00002f6d   UARTwrite
200028f4   __STACK_END
00000100   __STACK_SIZE
200028f4   __STACK_TOP
00003f98   __TI_CINIT_Base
00003fa8   __TI_CINIT_Limit
00003f84   __TI_Handler_Table_Base
00003f90   __TI_Handler_Table_Limit
00000001   __TI_args_main
00003809   __TI_auto_init
00003cfb   __TI_decompress_none
00003d69   __TI_decompress_rle24
00000000   __TI_static_base__
00003cdb   __TI_zero_init
0000389d   __aeabi_memclr
0000389d   __aeabi_memclr4
0000389d   __aeabi_memclr8
0000376d   __aeabi_memcpy
0000376d   __aeabi_memcpy4
0000376d   __aeabi_memcpy8
0000389f   __aeabi_memset
0000389f   __aeabi_memset4
0000389f   __aeabi_memset8
00003b95   __aeabi_uidivmod
ffffffff   __binit__
ffffffff   __c_args__
200027f4   __stack
00003c69   _args_main
00003ac5   _c_int00
20002944   _cleanup_ptr
20002948   _dtors_ptr
2000293c   _lock
00003c5d   _nop
00003c57   _register_lock
00003c51   _register_unlock
20002940   _unlock
00003b55   abort
ffffffff   binit
200027b8   br
20002908   buttonFound
20002904   cnt
200027b0   command
00003a31   copy_in
200028fc   dacCounter
20002900   dacWrite
200027ac   data
000023d5   disk_initialize
00002735   disk_ioctl
00002593   disk_read
00002579   disk_status
0000293d   disk_timerproc
00002649   disk_write
00003b5d   exit
00001e77   f_chmod
0000178d   f_close
00001ad1   f_getfree
000017ad   f_lseek
00001ce1   f_mkdir
00001019   f_mount
00001075   f_open
00001953   f_opendir
00001249   f_read
000019db   f_readdir
00001eff   f_rename
00001a77   f_stat
000016d1   f_sync
00001be3   f_unlink
00001469   f_write
00000000   g_pfnVectors
200027e0   g_ulFlags
00002981   get_fattime
2000291c   groundArray
00002cd9   main
20002954   main_func_sp
00002bd9   matrixPad
00003c2d   memcmp
0000376d   memcpy
000038a5   memset
00002991   open_Wave
200027b4   period
000029c9   read_to_sample
000029bb   resetSample
20002918   rows
200027dc   sample
2000292c   switchArray
200027bc   switch_in_play
200028f6   temp
20002914   toggle
20000000   tracks
200028f4   val
200028f8   write


GLOBAL SYMBOLS: SORTED BY Symbol Address 

address    name
--------   ----
00000000   __TI_static_base__
00000000   g_pfnVectors
00000001   __TI_args_main
00000100   __STACK_SIZE
00001019   f_mount
00001075   f_open
00001249   f_read
00001469   f_write
000016d1   f_sync
0000178d   f_close
000017ad   f_lseek
00001953   f_opendir
000019db   f_readdir
00001a77   f_stat
00001ad1   f_getfree
00001be3   f_unlink
00001ce1   f_mkdir
00001e77   f_chmod
00001eff   f_rename
000023d5   disk_initialize
00002579   disk_status
00002593   disk_read
00002649   disk_write
00002735   disk_ioctl
0000293d   disk_timerproc
00002981   get_fattime
00002991   open_Wave
000029bb   resetSample
000029c9   read_to_sample
000029fb   SD_Write
00002a27   SD_init
00002a3d   InitSPI
00002a85   DACWrite
00002ac3   Timer1IntHandler
00002b6b   PortFunctionInit
00002bd9   matrixPad
00002cd9   main
00002ee1   UARTStdioConfig
00002f39   UARTStdioInit
00002f53   UARTStdioInitExpClk
00002f6d   UARTwrite
00002fbb   UARTgets
0000307b   UARTgetc
000030ad   UARTprintf
00003391   SysCtlClockGet
00003569   SysCtlClockSet
000036a5   GPIOPadConfigSet
0000376d   __aeabi_memcpy
0000376d   __aeabi_memcpy4
0000376d   __aeabi_memcpy8
0000376d   memcpy
00003809   __TI_auto_init
0000389d   __aeabi_memclr
0000389d   __aeabi_memclr4
0000389d   __aeabi_memclr8
0000389f   __aeabi_memset
0000389f   __aeabi_memset4
0000389f   __aeabi_memset8
000038a5   memset
00003915   IntEnable
000039d9   SysCtlPeripheralEnable
00003a31   copy_in
00003a7d   GPIOPinConfigure
00003ac5   _c_int00
00003b0d   SSIConfigSetExpClk
00003b51   C$$EXIT
00003b55   abort
00003b5d   exit
00003b95   __aeabi_uidivmod
00003bd7   GPIODirModeSet
00003c05   TimerConfigure
00003c2d   memcmp
00003c51   _register_unlock
00003c57   _register_lock
00003c5d   _nop
00003c69   _args_main
00003c81   GPIOPinTypeGPIOInput
00003c93   GPIOPinTypeGPIOOutput
00003ca5   GPIOPinTypeSSI
00003cb7   GPIOPinTypeUART
00003cc9   TimerLoadSet
00003cdb   __TI_zero_init
00003ced   TimerEnable
00003cfb   __TI_decompress_none
00003d09   CPUcpsie
00003d15   ResetISR
00003d21   GPIOPinRead
00003d2b   GPIOPinWrite
00003d35   IntMasterEnable
00003d3f   SSIDataPut
00003d49   SSIEnable
00003d53   SSIBusy
00003d5b   TimerIntEnable
00003d63   SysCtlDelay
00003d69   __TI_decompress_rle24
00003d6f   TimerIntClear
00003f84   __TI_Handler_Table_Base
00003f90   __TI_Handler_Table_Limit
00003f98   __TI_CINIT_Base
00003fa8   __TI_CINIT_Limit
20000000   tracks
200027ac   data
200027ae   Counter
200027b0   command
200027b4   period
200027b8   br
200027bc   switch_in_play
200027dc   sample
200027e0   g_ulFlags
200027f4   __stack
200028f4   __STACK_END
200028f4   __STACK_TOP
200028f4   val
200028f6   temp
200028f8   write
200028fc   dacCounter
20002900   dacWrite
20002904   cnt
20002908   buttonFound
20002909   Info
20002914   toggle
20002918   rows
2000291c   groundArray
2000292c   switchArray
2000293c   _lock
20002940   _unlock
20002944   _cleanup_ptr
20002948   _dtors_ptr
20002954   main_func_sp
ffffffff   __binit__
ffffffff   __c_args__
ffffffff   binit
UNDEFED    SHT$$INIT_ARRAY$$Base
UNDEFED    SHT$$INIT_ARRAY$$Limit

[134 symbols]
